-- @description query01 for PXF HDFS Readable images
-- start_matchsubs
--
-- # create a match/subs
--
-- m/DETAIL/
-- s/DETAIL/CONTEXT/
-- m/from '.*:.*': +type/
-- s/from '.*:.*': +type/from 'HOST:PORT': type/
-- m/Unable to read image data in .*\/invalid_image_directory\/invalid_image.png.*/
-- s/Unable to read image data in .*\/invalid_image_directory\/invalid_image.png.*/Unable to read image data in invalid_image_directory\/invalid_image.png/
-- m/line .* of file pxf:.*\?PROFILE=hdfs:image&FILES_PER_FRAGMENT=1/
-- s/line .* of file pxf:.*\?PROFILE=hdfs:image&FILES_PER_FRAGMENT=1/line X of file pxf:\/\/path_to_file?PROFILE=hdfs:image&FILES_PER_FRAGMENT=1/
-- end_matchsubs
SELECT invalid_image_on_path.names FROM invalid_image_on_path;
ERROR:  remote component error (500) from 'HOST:PORT': type  Exception report   message   Unable to read image data in invalid_image_directory/invalid_image.png
CONTEXT:  External table invalid_image_on_path, line X of file pxf://path_to_file?PROFILE=hdfs:image&FILES_PER_FRAGMENT=1

SELECT invalid_image_on_path_bytea.names FROM invalid_image_on_path_bytea;
ERROR:  remote component error (500) from 'HOST:PORT': type  Exception report   message   Unable to read image data in invalid_image_directory/invalid_image.png
CONTEXT:  External table invalid_image_on_path_bytea, line X of file pxf://path_to_file?PROFILE=hdfs:image&FILES_PER_FRAGMENT=1
