-- @description query01 for PXF Multibyte delimiter encoding case with byte representation

SELECT * from pxf_multibyte_encoding_bytes ORDER BY num1;
 num1 |                 word                 
------+--------------------------------------
    3 | règles d'automation
    4 | tá sé seo le tástáil dea-
    5 | minden amire szüksége van a szeretet
(3 rows)