-- start_ignore
-- end_ignore
-- @description query01 for PXF Multibyte delimiter, one col
SELECT * from pxf_multibyte_onecol_data ORDER BY s1;
                     s1
---------------------------------------------
  minden amire szüksége van a szeretet
  règles d'automation
  tá sé seo le tástáil dea-
(3 rows)

