-- start_ignore
-- end_ignore
-- @description query01 for PXF filter pushdown disabled case
SET gp_external_enable_filter_pushdown = off;
SET
SELECT * FROM test_filter WHERE  t0 = 'C' AND a1 = 2 ORDER BY t0, a1;
 t0 | a1 | b2 |  c3  | d4  | e5 | filtervalue
----+----+----+------+-----+----+-------------
 C  |  2 |    | 2.21 | CC  | CC | No filter
(1 row)

