-- start_ignore
-- end_ignore
-- @description query01 for PXF Multibyte delimiter, wrong profile case

SELECT * from pxf_multibyte_wrong_profile ORDER BY age;
ERROR:  The "pxfdelimited_import" formatter only works with *:text or *:csv profiles.
HINT:  Please double check the profile option in the external table definition.
CONTEXT:  External table pxf_multibyte_wrong_profile